-- Error:

After restarting docker, there are troubles with submitting spark applications.

-- Information returned after trying to submit an application:

Status: Error
Decripstion: Attempt to start the cluster failed. Master process
SubmissionID:
ExitCode:
Message:

-- Possible resasons:

Afer restarting docker, master node has changed from node1 to node3.
Docker was restarted with this commends:
docker stop <containerID>
docker start <containerID>